[uptimerobot.com/index.html]
[backblue.gif]
[fade.gif]
[index.html]
[uptimerobot.com/favicon.ico]
[uptimerobot.com/assets/images/ogimage.png]
[uptimerobot.com/assets/images/uptimerobot-logo.svg]
[uptimerobot.com/assets/images/symbol-defs.svg]
[uptimerobot.com/assets/images/monitor-icons/website-monitoring.svg]
[uptimerobot.com/assets/images/monitor-icons/cron-job-monitoring.svg]
[uptimerobot.com/assets/images/monitor-icons/port-monitoring.svg]
[uptimerobot.com/assets/images/monitor-icons/keyword-monitoring.svg]
[uptimerobot.com/assets/images/monitor-icons/ping-monitoring.svg]
[uptimerobot.com/assets/images/monitor-icons/ssl-monitoring.svg]
[uptimerobot.com/assets/images/monitor-icons/domain-monitoring.svg]
[uptimerobot.com/website-monitoring/index.html]
[uptimerobot.com/keyword-monitoring/index.html]
[uptimerobot.com/ping-monitoring/index.html]
[uptimerobot.com/login8cde.html]
[uptimerobot.com/cron-job-monitoring/index.html]
[uptimerobot.com/port-monitoring/index.html]
[uptimerobot.com/ssl-monitoring/index.html]
[uptimerobot.com/integrations/index.html]
[uptimerobot.com/login3b3c.html]
[uptimerobot.com/domain-expiration-monitoring/index.html]
[uptimerobot.com/status-page/index.html]
[uptimerobot.com/pricing/index.html]
[uptimerobot.com/signUp8cde.html]
[uptimerobot.com/signUp112d.html]
[uptimerobot.com/website-monitoring/indexb155.html]
[uptimerobot.com/ssl-monitoring/indexb155.html]
[uptimerobot.com/domain-expiration-monitoring/indexb155.html]
[uptimerobot.com/cron-job-monitoring/indexb155.html]
[uptimerobot.com/port-monitoring/indexb155.html]
[uptimerobot.com/signUpf6f1.html]
[uptimerobot.com/ping-monitoring/indexb155.html]
[uptimerobot.com/keyword-monitoring/indexb155.html]
[uptimerobot.com/assets/images/google-playstore-badge.svg]
[uptimerobot.com/assets/images/appstore-badge.svg]
[uptimerobot.com/assets/images/levelsio.png]
[uptimerobot.com/assets/images/marc.jpg]
[uptimerobot.com/assets/images/4everproxy.png]
[uptimerobot.com/assets/images/ardalis.png]
[uptimerobot.com/signUpbfcd.html]
[uptimerobot.com/signUp208e.html]
[uptimerobot.com/assets/images/monitor-icons/dark/website-monitoring-dark.svg]
[uptimerobot.com/assets/images/monitor-icons/dark/cron-job-monitoring-dark.svg]
[uptimerobot.com/assets/images/monitor-icons/dark/port-monitoring-dark.svg]
[uptimerobot.com/assets/images/monitor-icons/dark/keyword-monitoring-dark.svg]
[uptimerobot.com/assets/images/monitor-icons/dark/ping-monitoring-dark.svg]
[uptimerobot.com/assets/images/monitor-icons/dark/ssl-monitoring-dark.svg]
[uptimerobot.com/assets/images/monitor-icons/dark/domain-monitoring-dark.svg]
[uptimerobot.com/website-monitoring/indexb0ee.html]
[uptimerobot.com/ssl-monitoring/indexb0ee.html]
[uptimerobot.com/login8e65.html]
[uptimerobot.com/domain-expiration-monitoring/indexb0ee.html]
[uptimerobot.com/ping-monitoring/indexb0ee.html]
[uptimerobot.com/port-monitoring/indexb0ee.html]
[uptimerobot.com/cron-job-monitoring/indexb0ee.html]
[uptimerobot.com/keyword-monitoring/indexb0ee.html]
[uptimerobot.com/signUp8e65.html]
[uptimerobot.com/blog/index.html]
[uptimerobot.com/assets/scripts/main.2576e74522767f8a11d4.js]
[uptimerobot.com/assets/styles/main.2576e74522767f8a11d4.css]
[uptimerobot.com/index.html]
[uptimerobot.com/assets/images/uptimerobot-logo.svg]
[uptimerobot.com/assets/images/symbol-defs.svg]
[uptimerobot.com/assets/js/referral-code.js]
[uptimerobot.com/affiliate/index.html]
[uptimerobot.com/terms/index.html]
[uptimerobot.com/privacy/index.html]
[uptimerobot.com/contact/index.html]
[uptimerobot.com/api/index.html]
[uptimerobot.com/faq/index.html]
[uptimerobot.com/help/index.html]
[uptimerobot.com/signUp3e33.html]
[uptimerobot.com/comparisons/index.html]
[uptimerobot.com/help/locations/index.html]
[uptimerobot.com/assets/videos/website-monitoring.mp4]
[uptimerobot.com/signUpfebc.html]
[uptimerobot.com/website-monitoring/index.html]
[uptimerobot.com/assets/images/monitor-icons/website-monitoring.svg]
[uptimerobot.com/ssl-monitoring/index9316.html]
[uptimerobot.com/port-monitoring/indexe21a.html]
[uptimerobot.com/cron-job-monitoring/index1ed4.html]
[uptimerobot.com/keyword-monitoring/indexaade.html]
[uptimerobot.com/ping-monitoring/index99f8.html]
[uptimerobot.com/domain-expiration-monitoring/indexc42c.html]
[uptimerobot.com/signUp9ee5.html]
[uptimerobot.com/assets/videos/heartbeat-monitoring.mp4]
[uptimerobot.com/cron-job-monitoring/index.html]
[uptimerobot.com/assets/images/monitor-icons/cron-job-monitoring.svg]
[uptimerobot.com/website-monitoring/indexbafe.html]
[uptimerobot.com/signUp4ceb.html]
[uptimerobot.com/assets/videos/port-monitoring.mp4]
[uptimerobot.com/port-monitoring/index.html]
[uptimerobot.com/assets/images/monitor-icons/port-monitoring.svg]
[uptimerobot.com/assets/videos/keyword-monitoring.mp4]
[uptimerobot.com/keyword-monitoring/index.html]
[uptimerobot.com/assets/images/monitor-icons/keyword-monitoring.svg]
[uptimerobot.com/signUpe687.html]
[uptimerobot.com/assets/videos/ping-monitoring.mp4]
[uptimerobot.com/ping-monitoring/index.html]
[uptimerobot.com/assets/images/monitor-icons/ping-monitoring.svg]
[uptimerobot.com/signUpe1b4.html]
[uptimerobot.com/ssl-monitoring/index.html]
[uptimerobot.com/assets/images/monitor-icons/ssl-monitoring.svg]
[uptimerobot.com/signUpb981.html]
[uptimerobot.com/domain-expiration-monitoring/index.html]
[uptimerobot.com/assets/images/monitor-icons/domain-monitoring.svg]
[uptimerobot.com/integrations/index.html]
[uptimerobot.com/integrations/pagerduty/index.html]
[uptimerobot.com/signUp.html]
[uptimerobot.com/assets/images/status-page.svg]
[uptimerobot.com/assets/images/check-icon.svg]
[uptimerobot.com/assets/images/g2-stars.png]
[uptimerobot.com/assets/images/api-icon.svg]
[uptimerobot.com/assets/images/sub-users-icon.svg]
[uptimerobot.com/assets/images/server-icon.svg]
[uptimerobot.com/status-page/index.html]
[uptimerobot.com/signUpa9a9.html]
[uptimerobot.com/pricing/index.html]
[uptimerobot.com/login.html]
[uptimerobot.com/assets/css/login.css]
[uptimerobot.com/assets/plugins/pl-form/select2-3.5.2/select265e9.css]
[uptimerobot.com/assets/css/lib/ladda-themeless.min.css]
[uptimerobot.com/assets/ico/favicon.ico]
[uptimerobot.com/assets/img/uptimerobot-logo.svg]
[uptimerobot.com/assets/img/googleAuthenticatorDemo.jpg]
[uptimerobot.com/assets/img/2fa.svg]
[uptimerobot.com/assets/js/lib/jquery.js]
[uptimerobot.com/assets/js/lib/bootstrap/bootstrap3_3_5.min.js]
[uptimerobot.com/assets/js/lib/favico.js]
[uptimerobot.com/assets/plugins/bootstrap-modal/js/bootstrap-modalmanager.js]
[uptimerobot.com/assets/plugins/bootstrap-modal/js/bootstrap-modal.js]
[uptimerobot.com/assets/plugins/pl-system/nicescroll/jquery.nicescroll-3_6_0.min.js]
[uptimerobot.com/assets/plugins/pl-system-info/qtip2/dist/jquery.qtip.min.js]
[uptimerobot.com/assets/plugins/pl-system-info/notyfy/jquery.notyfy.js]
[uptimerobot.com/assets/plugins/pl-system/momentjs/moment.min.js]
[uptimerobot.com/assets/plugins/bootstrap-daterangepicker/daterangepicker.js]
[uptimerobot.com/assets/plugins/pl-content/jquery.bullseye/jquery.bullseye-1.0-min.js]
[uptimerobot.com/assets/plugins/pl-content/truncate/jquery.truncate.min.js]
[uptimerobot.com/assets/plugins/pl-form/select2-3.5.2/select2.js]
[uptimerobot.com/assets/plugins/pl-form/validate/js/jquery.validate.min484f.js]
[uptimerobot.com/assets/plugins/pl-form/noUiSlider/jquery.nouislider.min2.js]
[uptimerobot.com/assets/plugins/pl-form/creditCardValidator/jquery.creditCardValidator141f.js]
[uptimerobot.com/assets/js/lib/cookieconsent.min.js]
[uptimerobot.com/assets/js/lib/cookieconsent_for_ur.js]
[uptimerobot.com/assets/plugins/pl-form/form/jquery.form.js]
[uptimerobot.com/assets/plugins/pl-visualization/knob/knob.js]
[uptimerobot.com/assets/plugins/pl-visualization/flot/jquery.flot.js]
[uptimerobot.com/assets/plugins/pl-visualization/flot/jquery.flot.stack.js]
[uptimerobot.com/assets/plugins/pl-visualization/flot/jquery.flot.time.js]
[uptimerobot.com/assets/js/common6b74.js]
[uptimerobot.com/assets/js/lib/spin.js]
[uptimerobot.com/login8cde.html]
[uptimerobot.com/login3b3c.html]
[uptimerobot.com/signUp8cde.html]
[uptimerobot.com/signUp112d.html]
[uptimerobot.com/assets/js/lib/ladda.js]
[uptimerobot.com/website-monitoring/indexb155.html]
[uptimerobot.com/ssl-monitoring/indexb155.html]
[uptimerobot.com/domain-expiration-monitoring/indexb155.html]
[uptimerobot.com/cron-job-monitoring/indexb155.html]
[uptimerobot.com/port-monitoring/indexb155.html]
[uptimerobot.com/ping-monitoring/indexb155.html]
[uptimerobot.com/keyword-monitoring/indexb155.html]
[uptimerobot.com/signUpf6f1.html]
[uptimerobot.com/assets/images/google-playstore-badge.svg]
[uptimerobot.com/assets/images/appstore-badge.svg]
[uptimerobot.com/signUpbfcd.html]
[uptimerobot.com/signUp208e.html]
[uptimerobot.com/website-monitoring/indexb0ee.html]
[uptimerobot.com/ssl-monitoring/indexb0ee.html]
[uptimerobot.com/domain-expiration-monitoring/indexb0ee.html]
[uptimerobot.com/ping-monitoring/indexb0ee.html]
[uptimerobot.com/port-monitoring/indexb0ee.html]
[uptimerobot.com/cron-job-monitoring/indexb0ee.html]
[uptimerobot.com/keyword-monitoring/indexb0ee.html]
[uptimerobot.com/blog/index.html]
[uptimerobot.com/affiliate/index.html]
[uptimerobot.com/terms/index.html]
[uptimerobot.com/privacy/index.html]
[uptimerobot.com/contact/index.html]
[uptimerobot.com/api/index.html]
[uptimerobot.com/faq/index.html]
[uptimerobot.com/help/index.html]
[uptimerobot.com/help/locations/index.html]
[uptimerobot.com/comparisons/index.html]
[uptimerobot.com/assets/images/monitor-icons/dark/website-monitoring-dark.svg]
[uptimerobot.com/assets/images/monitor-icons/dark/cron-job-monitoring-dark.svg]
[uptimerobot.com/assets/images/monitor-icons/dark/port-monitoring-dark.svg]
[uptimerobot.com/assets/images/monitor-icons/dark/keyword-monitoring-dark.svg]
[uptimerobot.com/assets/images/monitor-icons/dark/ping-monitoring-dark.svg]
[uptimerobot.com/assets/images/monitor-icons/dark/ssl-monitoring-dark.svg]
[uptimerobot.com/assets/images/monitor-icons/dark/domain-monitoring-dark.svg]
[uptimerobot.com/login8e65.html]
[uptimerobot.com/signUp8e65.html]
[uptimerobot.com/assets/styles/main.2576e74522767f8a11d4.css]
[uptimerobot.com/signUp3e33.html]
[uptimerobot.com/signUpfebc.html]
[uptimerobot.com/ssl-monitoring/index9316.html]
[uptimerobot.com/port-monitoring/indexe21a.html]
[uptimerobot.com/cron-job-monitoring/index1ed4.html]
[uptimerobot.com/keyword-monitoring/indexaade.html]
[uptimerobot.com/ping-monitoring/index99f8.html]
[uptimerobot.com/domain-expiration-monitoring/indexc42c.html]
[uptimerobot.com/signUp9ee5.html]
[uptimerobot.com/website-monitoring/indexbafe.html]
[uptimerobot.com/signUp4ceb.html]
[uptimerobot.com/signUpe687.html]
[uptimerobot.com/signUpe1b4.html]
[uptimerobot.com/signUpb981.html]
[uptimerobot.com/integrations/pagerduty/index.html]
[uptimerobot.com/signUp.html]
[uptimerobot.com/assets/images/status-page.svg]
[uptimerobot.com/assets/images/check-icon.svg]
[uptimerobot.com/assets/images/api-icon.svg]
[uptimerobot.com/assets/images/sub-users-icon.svg]
[uptimerobot.com/assets/images/server-icon.svg]
[uptimerobot.com/signUpa9a9.html]
[uptimerobot.com/login.html]
[uptimerobot.com/assets/css/login.css]
[uptimerobot.com/assets/plugins/pl-form/select2-3.5.2/select265e9.css]
[uptimerobot.com/assets/css/lib/ladda-themeless.min.css]
[uptimerobot.com/assets/img/uptimerobot-logo.svg]
[uptimerobot.com/assets/img/2fa.svg]
[uptimerobot.com/pricing.html]
[uptimerobot.com/dashboard8e65.html]
[uptimerobot.com/integrations.html]
[uptimerobot.com/status-page.html]
[uptimerobot.com/blog/page/2/index.html]
[uptimerobot.com/blog/feed/index.html]
[uptimerobot.com/blog/comments/feed/index.html]
[uptimerobot.com/blog/wp-includes/css/dist/block-library/style.minc35f.html]
[uptimerobot.com/blog/wp-content/plugins/anti-spam/assets/css/admin-bara927.html]
[uptimerobot.com/blog/wp-content/themes/twenty-twenty-child/style8a54.html]
[uptimerobot.com/blog/wp-content/themes/twentytwenty/print8a54.html]
[uptimerobot.com/blog/wp-content/themes/twenty-twenty-child/featherlight.minc35f.html]
[uptimerobot.com/blog/wp-content/themes/twenty-twenty-child/custom7ef2.html]
[uptimerobot.com/blog/wp-content/themes/twentytwenty/assets/js/index8a54.html]
[uptimerobot.com/blog/wp-includes/js/jquery/jquery.min3088.html]
[uptimerobot.com/blog/wp-includes/js/jquery/jquery-migrate.min5589.html]
[uptimerobot.com/blog/wp-json/index.html]
[uptimerobot.com/blog/xmlrpc0db0.html]
[uptimerobot.com/blog.html]
[uptimerobot.com/blog/wp-content/themes/twenty-twenty-child/uptimerobot-logo.html]
[uptimerobot.com/blog/category/best-practices/index.html]
[uptimerobot.com/blog/category/observability/index.html]
[uptimerobot.com/blog/how-to-calculate-uptime/index.html]
[uptimerobot.com/blog/author/diana/index.html]
[uptimerobot.com/blog/category/port-monitoring/index.html]
[uptimerobot.com/blog/port-monitoring-tools-2023/index.html]
[uptimerobot.com/blog/author/laura/index.html]
[uptimerobot.com/blog/category/glossary/index.html]
[uptimerobot.com/blog/sla-slo-sli/index.html]
[uptimerobot.com/blog/category/network-monitoring/index.html]
[uptimerobot.com/blog/category/ping-monitoring/index.html]
[uptimerobot.com/blog/best-ping-monitoring-tools/index.html]
[uptimerobot.com/blog/category/keyword-monitoring/index.html]
[uptimerobot.com/blog/keyword-monitoring-use-cases/index.html]
[uptimerobot.com/blog/devops-blogs/index.html]
[uptimerobot.com/blog/network-monitoring-guide/index.html]
[uptimerobot.com/blog/author/kristian/index.html]
[uptimerobot.com/blog/maintenance-pages-examples/index.html]
[uptimerobot.com/blog/category/website-monitoring/index.html]
[uptimerobot.com/blog/website-maintenance-guide/index.html]
[uptimerobot.com/blog/category/announcements/index.html]
[uptimerobot.com/blog/sms-voice-call-credit-consumption-change/index.html]
[uptimerobot.com/blog/author/frenky/index.html]
[uptimerobot.com/blog/page/13/index.html]
[uptimerobot.com/blog/wp-content/themes/twenty-twenty-child/lazyload.min5152.html]
[uptimerobot.com/blog/wp-content/themes/twenty-twenty-child/featherlight.min5152.html]
[uptimerobot.com/blog/wp-content/themes/twenty-twenty-child/themec43a.html]
[uptimerobot.com/affiliate.html]
[uptimerobot.com/terms.html]
[uptimerobot.com/api.html]
[uptimerobot.com/support.html]
[uptimerobot.com/dashboardefb4.html]
[uptimerobot.com/help/heartbeat-monitoring/index.html]
[uptimerobot.com/blog/cachebuster-a-pro-tip-for-bypassing-cache/index.html]
[uptimerobot.com/blog/new-feature-advanced-notification-options-for-the-pro-plan/index.html]
[uptimerobot.com/blog/configuring-cloudflare-for-status-pages-with-custom-domains/index.html]
[uptimerobot.com/help/monitor-status-is-wrong/index.html]
[uptimerobot.com/help/huawei-android-notifications-issue/index.html]
[uptimerobot.com/faq.html]
[uptimerobot.com/help.html]
[uptimerobot.com/inc/files/ips/IPv4.html]
[uptimerobot.com/inc/files/ips/IPv4andIPv6.html]
[uptimerobot.com/alternative-to-pingdom/index.html]
[uptimerobot.com/alternative-to-site24x7/index.html]
[uptimerobot.com/alternative-to-uptimekuma/index.html]
[uptimerobot.com/alternative-to-betterstack/index.html]
[uptimerobot.com/alternative-to-ohdear/index.html]
[uptimerobot.com/assets/styles/assets/images/bg-circles.html]
[uptimerobot.com/assets/images/pagerduty/image2.html]
[uptimerobot.com/assets/images/pagerduty/image4.html]
[uptimerobot.com/assets/images/pagerduty/image5.html]
[uptimerobot.com/assets/images/pagerduty/image3.html]
[uptimerobot.com/assets/images/pagerduty/image1.html]
[uptimerobot.com/assets/img/background/bg-circles.html]
[uptimerobot.com/assets/plugins/pl-form/select2-3.5.2/select2.html]
[uptimerobot.com/assets/plugins/pl-form/select2-3.5.2/select2-spinner.html]
[uptimerobot.com/assets/plugins/pl-form/select2-3.5.2/select2x2.html]
